---
source: src/ui.rs
expression: content
---
┌ posh-tui   applied: M365Princess ────────────────────────────────────────────┐
│ type / to search...                                                          │
└──────────────────────────────────────────────────────────────────────────────┘
┌ themes (2) ────────┐┌ preview — theme1  zoom 200% ───────────────────────────┐
│▶    theme1         ││  press Space to preview  ·  p for immersive mode       │
│     theme2         ││                                                        │
│                    ││                                                        │
│                    ││                                                        │
│                    ││                                                        │
│                    ││                                                        │
│                    ││                                                        │
│                    ││                                                        │
│                    ││                                                        │
│                    ││                                                        │
│                    ││                                                        │
│                    ││                                                        │
│                    ││                                                        │
│                    ││                                                        │
│                    ││                                                        │
│                    ││                                                        │
│                    ││                                                        │
└────────────────────┘└────────────────────────────────────────────────────────┘
 ℹ️   Ensure a Nerd Font is installed in your terminal. Press 'N' to dismiss.    
 Space: preview  p: immersive  Enter: apply  u: undo  U: revert  Ctrl+U: hard re
