---
source: src/ui/mod.rs
expression: content
---
┌ posh-tui   applied: M365Princess ────────────────────────────────────────────┐
│ type / to search...                                                          │
└──────────────────────────────────────────────────────────────────────────────┘
┌ themes (2) ────────┐┌ preview — theme1 ──────────────────────────────────────┐
│▶    theme1         ││  press Space to preview  ·  p for immersive mode       │
│     theme2         ││                                                        │
│                    ││                                                        │
│                    ││                                                        │
│                    ││                                                        │
│                    ││                                                        │
│                    ││                                                        │
│                    ││                                                        │
│                    ││                                                        │
│                    ││                                                        │
│                    ││                                                        │
│                    ││                                                        │
│                    ││                                                        │
│                    ││                                                        │
│                    ││                                                        │
│                    ││                                                        │
│                    ││                                                        │
│                    ││                                                        │
└────────────────────┘└────────────────────────────────────────────────────────┘
 Space: preview  p: immersive  Enter: apply  u: undo  U: revert  Ctrl+U: hard re
